../Core/Src/main.c:151:5:main	8	static
../Core/Src/main.c:200:6:SystemClock_Config	80	static
../Core/Src/main.c:244:13:MX_USART2_UART_Init	8	static
../Core/Src/main.c:277:13:MX_GPIO_Init	48	static
../Core/Src/main.c:355:13:ADC1_AppInit	4	static
../Core/Src/main.c:369:13:ADC1_ReadChannel0	24	static
../Core/Src/main.c:390:13:TIM6_AppInit	8	static
../Core/Src/main.c:404:13:Compass_HandleButtonEvent	8	static
../Core/Src/main.c:415:13:Compass_AppInit	8	static
../Core/Src/main.c:431:13:Compass_AppTask	24	static
../Core/Src/main.c:488:13:Compass_DisplayError	8	static
../Core/Src/main.c:493:13:Compass_ReadHeading	24	static
../Core/Src/main.c:512:17:Compass_HeadingFromMag	32	static
../Core/Src/main.c:540:17:Compass_CorrectHeading	16	static
../Core/Src/main.c:549:17:Compass_UserHeading	16	static
../Core/Src/main.c:554:13:Compass_Cardinal	24	static
../Core/Src/main.c:561:13:Compass_DisplayHeading	24	static
../Core/Src/main.c:573:13:Compass_DisplayAdc	24	static
../Core/Src/main.c:586:13:Compass_UpdateLeds	24	static
../Core/Src/main.c:592:13:Compass_IsTilted	16	static
../Core/Src/main.c:611:13:Compass_DisplayTilt	8	static
../Core/Src/main.c:618:17:Compass_NorthError	16	static
../Core/Src/main.c:624:13:Buzzer_UpdateNorth	32	static
../Core/Src/main.c:645:13:Buzzer_PlayTone	24	static
../Core/Src/main.c:657:13:Buzzer_DelayHalfPeriod	16	static,ignoring_inline_asm
../Core/Src/main.c:666:13:LED_Write	16	static
../Core/Src/main.c:678:13:LIS2MDL_Init	16	static
../Core/Src/main.c:695:13:LIS2MDL_ReadRaw	32	static
../Core/Src/main.c:713:13:LIS2MDL_ReadReg	16	static
../Core/Src/main.c:718:13:LIS2MDL_WriteReg	24	static
../Core/Src/main.c:724:13:LIS2DW12_Init	16	static
../Core/Src/main.c:738:13:LIS2DW12_ReadRaw	32	static
../Core/Src/main.c:760:13:LIS2DW12_ReadReg	16	static
../Core/Src/main.c:765:13:LIS2DW12_WriteReg	24	static
../Core/Src/main.c:771:13:I2C_WriteBytes	24	static
../Core/Src/main.c:790:13:I2C_ReadRegBytes	32	static
../Core/Src/main.c:817:13:I2C_Start	8	static
../Core/Src/main.c:828:13:I2C_Stop	8	static
../Core/Src/main.c:838:13:I2C_WriteByte	24	static
../Core/Src/main.c:864:16:I2C_ReadByte	24	static
../Core/Src/main.c:891:13:I2C_SdaOutput	32	static
../Core/Src/main.c:902:13:I2C_SdaInput	32	static
../Core/Src/main.c:912:13:I2C_Delay	16	static,ignoring_inline_asm
../Core/Src/main.c:921:13:MAX7219_Init	8	static
../Core/Src/main.c:931:13:MAX7219_Write	16	static
../Core/Src/main.c:939:13:MAX7219_SendByte	24	static
../Core/Src/main.c:953:13:MAX7219_DisplayChars	32	static
../Core/Src/main.c:962:16:SevenSeg_Code	16	static
../Core/Src/main.c:992:17:Abs16	16	static
../Core/Src/main.c:997:6:App_ButtonIrqHandler	16	static
../Core/Src/main.c:1008:6:App_Timer6IrqHandler	4	static
../Core/Src/main.c:1016:5:__io_putchar	16	static
../Core/Src/main.c:1028:6:Error_Handler	4	static,ignoring_inline_asm
