../Core/Src/main.c:151:5:main	8	static
../Core/Src/main.c:200:6:SystemClock_Config	80	static
../Core/Src/main.c:244:13:MX_USART2_UART_Init	8	static
../Core/Src/main.c:277:13:MX_GPIO_Init	48	static
../Core/Src/main.c:342:13:ADC1_AppInit	4	static
../Core/Src/main.c:356:13:ADC1_ReadChannel0	24	static
../Core/Src/main.c:377:13:TIM6_AppInit	8	static
../Core/Src/main.c:391:13:Compass_HandleButtonEvent	8	static
../Core/Src/main.c:402:13:Compass_AppInit	8	static
../Core/Src/main.c:418:13:Compass_AppTask	24	static
../Core/Src/main.c:475:13:Compass_DisplayError	8	static
../Core/Src/main.c:480:13:Compass_ReadHeading	24	static
../Core/Src/main.c:499:17:Compass_HeadingFromMag	32	static
../Core/Src/main.c:527:17:Compass_CorrectHeading	16	static
../Core/Src/main.c:536:17:Compass_UserHeading	16	static
../Core/Src/main.c:541:13:Compass_Cardinal	24	static
../Core/Src/main.c:548:13:Compass_DisplayHeading	24	static
../Core/Src/main.c:560:13:Compass_DisplayAdc	24	static
../Core/Src/main.c:573:13:Compass_UpdateLeds	24	static
../Core/Src/main.c:579:13:Compass_IsTilted	16	static
../Core/Src/main.c:598:13:Compass_DisplayTilt	8	static
../Core/Src/main.c:605:17:Compass_NorthError	16	static
../Core/Src/main.c:611:13:Buzzer_UpdateNorth	32	static
../Core/Src/main.c:632:13:Buzzer_PlayTone	24	static
../Core/Src/main.c:644:13:Buzzer_DelayHalfPeriod	16	static,ignoring_inline_asm
../Core/Src/main.c:653:13:LED_Write	16	static
../Core/Src/main.c:665:13:LIS2MDL_Init	16	static
../Core/Src/main.c:682:13:LIS2MDL_ReadRaw	32	static
../Core/Src/main.c:700:13:LIS2MDL_ReadReg	16	static
../Core/Src/main.c:705:13:LIS2MDL_WriteReg	24	static
../Core/Src/main.c:711:13:LIS2DW12_Init	16	static
../Core/Src/main.c:725:13:LIS2DW12_ReadRaw	32	static
../Core/Src/main.c:747:13:LIS2DW12_ReadReg	16	static
../Core/Src/main.c:752:13:LIS2DW12_WriteReg	24	static
../Core/Src/main.c:758:13:I2C_WriteBytes	24	static
../Core/Src/main.c:777:13:I2C_ReadRegBytes	32	static
../Core/Src/main.c:804:13:I2C_Start	8	static
../Core/Src/main.c:815:13:I2C_Stop	8	static
../Core/Src/main.c:825:13:I2C_WriteByte	24	static
../Core/Src/main.c:851:16:I2C_ReadByte	24	static
../Core/Src/main.c:878:13:I2C_SdaOutput	32	static
../Core/Src/main.c:889:13:I2C_SdaInput	32	static
../Core/Src/main.c:899:13:I2C_Delay	16	static,ignoring_inline_asm
../Core/Src/main.c:908:13:MAX7219_Init	8	static
../Core/Src/main.c:918:13:MAX7219_Write	16	static
../Core/Src/main.c:926:13:MAX7219_SendByte	24	static
../Core/Src/main.c:940:13:MAX7219_DisplayChars	32	static
../Core/Src/main.c:949:16:SevenSeg_Code	16	static
../Core/Src/main.c:979:17:Abs16	16	static
../Core/Src/main.c:984:6:App_ButtonIrqHandler	16	static
../Core/Src/main.c:995:6:App_Timer6IrqHandler	4	static
../Core/Src/main.c:1003:5:__io_putchar	16	static
../Core/Src/main.c:1015:6:Error_Handler	4	static,ignoring_inline_asm
